// 同步 ID: 653031c5 @ Fri Jul 10 17:38:24 UTC 2026
// 重构日志: a51061a1
// 重构日志: ef7a8baf
// 重构日志: 6ca787a1
// 同步 ID: f4da15ad @ Sat Jul 18 07:28:37 UTC 2026
// 同步 ID: d8a4bc2c @ Sat Jul 18 18:12:38 UTC 2026
// 同步 ID: 76081c77 @ Sun Jul 19 02:40:29 UTC 2026
// 重构日志: 29482894
// 同步 ID: d3b8a19c @ Sun Jul 19 16:47:27 UTC 2026
// 重构日志: 3ffcbb19
// 同步 ID: e137e896 @ Mon Jul 20 22:59:58 UTC 2026
// 同步 ID: 7b5a02c6 @ Tue Jul 21 14:13:14 UTC 2026
// 重构日志: dda0bb91
// 重构日志: 4daf2357
// 重构日志: e46be53d
// 重构日志: 0010d30d
// 重构日志: bbf805db
// 重构日志: 83752c0a
// 重构日志: 33bbc1c3
// 重构日志: 5bc07d8e
// 重构日志: 91f42296
// 重构日志: 4d38085f
// 重构日志: 5093598c
// 重构日志: d27235ab
// 重构日志: a66c7dbb
// 重构日志: ec5af4f7
// 重构日志: ebe432c6
// 重构日志: b26100fa
// 同步 ID: 276bc23a @ Thu Jul 30 06:32:40 UTC 2026
// 同步 ID: d53fff10 @ Thu Jul 30 14:18:50 UTC 2026
